// Vitest Snapshot v1, https://vitest.dev/guide/snapshot.html

exports[`shared error codes > matches the full snapshot of all exported error codes 1`] = `
{
  "AI_INVALID_API_KEY": "AI_INVALID_API_KEY",
  "AI_INVALID_MODEL": "AI_INVALID_MODEL",
  "AI_UPSTREAM_UNAVAILABLE": "AI_UPSTREAM_UNAVAILABLE",
  "ALREADY_EXISTS": "ALREADY_EXISTS",
  "AUTH_EMAIL_EXISTS": "AUTH_EMAIL_EXISTS",
  "AUTH_INVALID_API_KEY": "AUTH_INVALID_API_KEY",
  "AUTH_INVALID_CREDENTIALS": "AUTH_INVALID_CREDENTIALS",
  "AUTH_INVALID_EMAIL": "AUTH_INVALID_EMAIL",
  "AUTH_NEED_VERIFICATION": "AUTH_NEED_VERIFICATION",
  "AUTH_OAUTH_CONFIG_ERROR": "AUTH_OAUTH_CONFIG_ERROR",
  "AUTH_SIGNUP_DISABLED": "AUTH_SIGNUP_DISABLED",
  "AUTH_TOKEN_EXPIRED": "AUTH_TOKEN_EXPIRED",
  "AUTH_UNAUTHORIZED": "AUTH_UNAUTHORIZED",
  "AUTH_UNSUPPORTED_PROVIDER": "AUTH_UNSUPPORTED_PROVIDER",
  "AUTH_WEAK_PASSWORD": "AUTH_WEAK_PASSWORD",
  "BILLING_INSUFFICIENT_BALANCE": "BILLING_INSUFFICIENT_BALANCE",
  "COMPUTE_CLOUD_UNAVAILABLE": "COMPUTE_CLOUD_UNAVAILABLE",
  "COMPUTE_NOT_CONFIGURED": "COMPUTE_NOT_CONFIGURED",
  "COMPUTE_PROVIDER_ERROR": "COMPUTE_PROVIDER_ERROR",
  "COMPUTE_QUOTA_EXCEEDED": "COMPUTE_QUOTA_EXCEEDED",
  "COMPUTE_REGION_CHANGE_NOT_SUPPORTED": "COMPUTE_REGION_CHANGE_NOT_SUPPORTED",
  "COMPUTE_SERVICE_ALREADY_EXISTS": "COMPUTE_SERVICE_ALREADY_EXISTS",
  "COMPUTE_SERVICE_DELETE_FAILED": "COMPUTE_SERVICE_DELETE_FAILED",
  "COMPUTE_SERVICE_DEPLOY_FAILED": "COMPUTE_SERVICE_DEPLOY_FAILED",
  "COMPUTE_SERVICE_NOT_CONFIGURED": "COMPUTE_SERVICE_NOT_CONFIGURED",
  "COMPUTE_SERVICE_NOT_FOUND": "COMPUTE_SERVICE_NOT_FOUND",
  "COMPUTE_SERVICE_START_FAILED": "COMPUTE_SERVICE_START_FAILED",
  "COMPUTE_SERVICE_STOP_FAILED": "COMPUTE_SERVICE_STOP_FAILED",
  "DATABASE_CONSTRAINT_VIOLATION": "DATABASE_CONSTRAINT_VIOLATION",
  "DATABASE_DUPLICATE": "DATABASE_DUPLICATE",
  "DATABASE_FORBIDDEN": "DATABASE_FORBIDDEN",
  "DATABASE_INTERNAL_ERROR": "DATABASE_INTERNAL_ERROR",
  "DATABASE_INVALID_PARAMETER": "DATABASE_INVALID_PARAMETER",
  "DATABASE_NOT_FOUND": "DATABASE_NOT_FOUND",
  "DATABASE_PERMISSION_DENIED": "DATABASE_PERMISSION_DENIED",
  "DATABASE_VALIDATION_ERROR": "DATABASE_VALIDATION_ERROR",
  "DEPLOYMENT_ALREADY_EXISTS": "DEPLOYMENT_ALREADY_EXISTS",
  "DEPLOYMENT_INVALID_FILE": "DEPLOYMENT_INVALID_FILE",
  "DEPLOYMENT_NOT_FOUND": "DEPLOYMENT_NOT_FOUND",
  "DOMAIN_ALREADY_EXISTS": "DOMAIN_ALREADY_EXISTS",
  "DOMAIN_INVALID": "DOMAIN_INVALID",
  "DOMAIN_NOT_FOUND": "DOMAIN_NOT_FOUND",
  "EMAIL_SMTP_CONNECTION_FAILED": "EMAIL_SMTP_CONNECTION_FAILED",
  "EMAIL_SMTP_SEND_FAILED": "EMAIL_SMTP_SEND_FAILED",
  "EMAIL_TEMPLATE_NOT_FOUND": "EMAIL_TEMPLATE_NOT_FOUND",
  "ENVIRONMENT_VARIABLE_NOT_FOUND": "ENVIRONMENT_VARIABLE_NOT_FOUND",
  "FORBIDDEN": "FORBIDDEN",
  "INTERNAL_ERROR": "INTERNAL_ERROR",
  "INVALID_INPUT": "INVALID_INPUT",
  "LOGS_AWS_NOT_CONFIGURED": "LOGS_AWS_NOT_CONFIGURED",
  "MISSING_FIELD": "MISSING_FIELD",
  "NOT_FOUND": "NOT_FOUND",
  "NOT_IMPLEMENTED": "NOT_IMPLEMENTED",
  "PAYMENT_CONFIG_INVALID": "PAYMENT_CONFIG_INVALID",
  "PAYMENT_METHOD_DECLINED": "PAYMENT_METHOD_DECLINED",
  "PAYMENT_NOT_FOUND": "PAYMENT_NOT_FOUND",
  "RATE_LIMITED": "RATE_LIMITED",
  "REALTIME_CONNECTION_FAILED": "REALTIME_CONNECTION_FAILED",
  "REALTIME_INVALID_EVENT": "REALTIME_INVALID_EVENT",
  "REALTIME_UNAUTHORIZED": "REALTIME_UNAUTHORIZED",
  "S3_ACCESS_KEY_LIMIT_EXCEEDED": "S3_ACCESS_KEY_LIMIT_EXCEEDED",
  "S3_ACCESS_KEY_NOT_FOUND": "S3_ACCESS_KEY_NOT_FOUND",
  "S3_PROTOCOL_UNAVAILABLE": "S3_PROTOCOL_UNAVAILABLE",
  "SCHEDULE_INVALID_CRON": "SCHEDULE_INVALID_CRON",
  "SCHEDULE_NOT_FOUND": "SCHEDULE_NOT_FOUND",
  "SECRET_ALREADY_EXISTS": "SECRET_ALREADY_EXISTS",
  "SECRET_NOT_FOUND": "SECRET_NOT_FOUND",
  "STORAGE_INSUFFICIENT_QUOTA": "STORAGE_INSUFFICIENT_QUOTA",
  "STORAGE_INVALID_FILE_TYPE": "STORAGE_INVALID_FILE_TYPE",
  "STORAGE_INVALID_PARAMETER": "STORAGE_INVALID_PARAMETER",
  "STORAGE_NOT_FOUND": "STORAGE_NOT_FOUND",
  "STORAGE_PERMISSION_DENIED": "STORAGE_PERMISSION_DENIED",
  "TOO_MANY_REQUESTS": "TOO_MANY_REQUESTS",
  "UNKNOWN_ERROR": "UNKNOWN_ERROR",
  "UPSTREAM_FAILURE": "UPSTREAM_FAILURE",
}
`;
